amit9@AMIT-PC MINGW64 ~/OneDrive/Desktop/New folder (2) (master)
$ git init
Reinitialized existing Git repository in C:/Users/amit/OneDrive/Desktop/New folder (2)/.git/

amit9@AMIT-PC MINGW64 ~/OneDrive/Desktop/New folder (2) (master)
$ git add feature1.txt

amit9@AMIT-PC MINGW64 ~/OneDrive/Desktop/New folder (2) (master)
$ git add feature.txt

amit9@AMIT-PC MINGW64 ~/OneDrive/Desktop/New folder (2) (master)
$ git commit - "feature1 and feature"
error: pathspec '-' did not match any file(s) known to git
error: pathspec 'feature1 and feature' did not match any file(s) known to git

amit9@AMIT-PC MINGW64 ~/OneDrive/Desktop/New folder (2) (master)
$ git commit -m "feature1 and feature"
[master (root-commit) 42d2f17] feature1 and feature
 2 files changed, 0 insertions(+), 0 deletions(-)
 create mode 100644 feature.txt
 create mode 100644 feature1.txt

amit9@AMIT-PC MINGW64 ~/OneDrive/Desktop/New folder (2) (master)
$ git branch develop

amit9@AMIT-PC MINGW64 ~/OneDrive/Desktop/New folder (2) (master)
$ git branch feature1

amit9@AMIT-PC MINGW64 ~/OneDrive/Desktop/New folder (2) (master)
$ git branch feature2

amit9@AMIT-PC MINGW64 ~/OneDrive/Desktop/New folder (2) (master)
$ git checkout  feature1
Switched to branch 'feature1'

amit9@AMIT-PC MINGW64 ~/OneDrive/Desktop/New folder (2) (feature1)
$ touch new.txt

amit9@AMIT-PC MINGW64 ~/OneDrive/Desktop/New folder (2) (feature1)
$ git add ne.txt
fatal: pathspec 'ne.txt' did not match any files

amit9@AMIT-PC MINGW64 ~/OneDrive/Desktop/New folder (2) (feature1)
$ git add new.txt

amit9@AMIT-PC MINGW64 ~/OneDrive/Desktop/New folder (2) (feature1)
$ git commit -m "add new.txt in feature1 branch"
[feature1 7068131] add new.txt in feature1 branch
 1 file changed, 0 insertions(+), 0 deletions(-)
 create mode 100644 new.txt

amit9@AMIT-PC MINGW64 ~/OneDrive/Desktop/New folder (2) (feature1)
$ git checkout develop
Switched to branch 'develop'

amit9@AMIT-PC MINGW64 ~/OneDrive/Desktop/New folder (2) (develop)
$ touch demo.txt

amit9@AMIT-PC MINGW64 ~/OneDrive/Desktop/New folder (2) (develop)
$ git add demo.txt

amit9@AMIT-PC MINGW64 ~/OneDrive/Desktop/New folder (2) (develop)
$ git commit -m "add demo.txt in develope branch"
[develop 3dc550f] add demo.txt in develope branch
 1 file changed, 0 insertions(+), 0 deletions(-)
 create mode 100644 demo.txt
